2026-02-21 18:40:01,563 INFO o.a.j.u.JMeterUtils: Setting Locale to en_EN
2026-02-21 18:40:01,573 INFO o.a.j.JMeter: Loading user properties from: /opt/homebrew/Cellar/jmeter/5.6.3/libexec/bin/user.properties
2026-02-21 18:40:01,574 INFO o.a.j.JMeter: Loading system properties from: /opt/homebrew/Cellar/jmeter/5.6.3/libexec/bin/system.properties
2026-02-21 18:40:01,576 INFO o.a.j.JMeter: Copyright (c) 1998-2024 The Apache Software Foundation
2026-02-21 18:40:01,576 INFO o.a.j.JMeter: Version 5.6.3
2026-02-21 18:40:01,576 INFO o.a.j.JMeter: java.version=21.0.10
2026-02-21 18:40:01,576 INFO o.a.j.JMeter: java.vm.name=OpenJDK 64-Bit Server VM
2026-02-21 18:40:01,576 INFO o.a.j.JMeter: os.name=Mac OS X
2026-02-21 18:40:01,576 INFO o.a.j.JMeter: os.arch=aarch64
2026-02-21 18:40:01,576 INFO o.a.j.JMeter: os.version=26.3
2026-02-21 18:40:01,576 INFO o.a.j.JMeter: file.encoding=UTF-8
2026-02-21 18:40:01,576 INFO o.a.j.JMeter: java.awt.headless=null
2026-02-21 18:40:01,576 INFO o.a.j.JMeter: Max memory     =1073741824
2026-02-21 18:40:01,576 INFO o.a.j.JMeter: Available Processors =10
2026-02-21 18:40:01,581 INFO o.a.j.JMeter: Default Locale=English (EN)
2026-02-21 18:40:01,581 INFO o.a.j.JMeter: JMeter  Locale=English (EN)
2026-02-21 18:40:01,582 INFO o.a.j.JMeter: JMeterHome=/opt/homebrew/Cellar/jmeter/5.6.3/libexec
2026-02-21 18:40:01,582 INFO o.a.j.JMeter: user.dir  =/Users/frustrated-dev/Coding/Personal/golang_projects/mini-lambda
2026-02-21 18:40:01,582 INFO o.a.j.JMeter: PWD       =/Users/frustrated-dev/Coding/Personal/golang_projects/mini-lambda
2026-02-21 18:40:01,593 INFO o.a.j.JMeter: IP: 192.168.1.106 Name: Jagjeets-Mac-mini.local FullName: 192.168.1.106
2026-02-21 18:40:01,598 INFO o.a.j.JMeter: Loaded icon properties from org/apache/jmeter/images/icon.properties
2026-02-21 18:40:01,804 INFO o.a.j.JMeterGuiLauncher: Setting LAF to: com.github.weisj.darklaf.DarkLaf:com.github.weisj.darklaf.theme.DarculaTheme
2026-02-21 18:40:02,579 INFO o.a.j.r.ClassFinder: Will scan jar /opt/homebrew/Cellar/jmeter/5.6.3/libexec/lib/ext/jmeter-plugins-manager-1.9.jar with filter ExtendsClassFilter [parents=[interface org.apache.jmeter.gui.action.Command], inner=false, contains=null, notContains=null]. Consider exposing JMeter plugins via META-INF/services, and add JMeter-Skip-Class-Scanning=true manifest attribute so JMeter can skip classfile scanning
2026-02-21 18:40:02,638 INFO o.a.j.r.ClassFinder: Will scan jar /opt/homebrew/Cellar/jmeter/5.6.3/libexec/lib/ext/jmeter-plugins-manager-1.9.jar with filter ExtendsClassFilter [parents=[interface org.apache.jmeter.gui.plugin.MenuCreator], inner=false, contains=null, notContains=null]. Consider exposing JMeter plugins via META-INF/services, and add JMeter-Skip-Class-Scanning=true manifest attribute so JMeter can skip classfile scanning
2026-02-21 18:40:02,692 INFO o.j.r.JARSourceHTTP: Found cached repo
2026-02-21 18:40:02,764 INFO o.j.r.PluginManager: Plugins Status: [jpgc-plugins-manager=1.9, jmeter-core=5.6.3, jmeter-ftp=5.6.3, jmeter-http=5.6.3, jmeter-jdbc=5.6.3, jmeter-jms=5.6.3, jmeter-junit=5.6.3, jmeter-java=5.6.3, jmeter-ldap=5.6.3, jmeter-mail=5.6.3, jmeter-mongodb=5.6.3, jmeter-native=5.6.3, jmeter-tcp=5.6.3, jmeter-components=5.6.3]
2026-02-21 18:40:02,765 INFO o.j.r.PluginManagerMenuItem: Plugins Manager has upgrades: [jpgc-plugins-manager]
2026-02-21 18:40:10,620 INFO o.a.j.s.FileServer: Default base='/Users/frustrated-dev/Coding/Personal/golang_projects/mini-lambda'
2026-02-21 18:40:10,622 INFO o.a.j.g.a.Load: Loading file: /Users/frustrated-dev/Coding/Personal/golang_projects/mini-lambda/load_test.jmx
2026-02-21 18:40:10,622 INFO o.a.j.s.FileServer: Set new base='/Users/frustrated-dev/Coding/Personal/golang_projects/mini-lambda'
2026-02-21 18:40:10,714 INFO o.a.j.s.SaveService: Testplan (JMX) version: 2.2. Testlog (JTL) version: 2.2
2026-02-21 18:40:10,717 INFO o.a.j.s.SaveService: Using SaveService properties version 5.0
2026-02-21 18:40:10,718 INFO o.a.j.s.SaveService: Using SaveService properties file encoding UTF-8
2026-02-21 18:40:10,718 INFO o.a.j.s.SaveService: Loading file: /Users/frustrated-dev/Coding/Personal/golang_projects/mini-lambda/load_test.jmx
2026-02-21 18:40:10,760 INFO o.a.j.p.h.s.HTTPSamplerBase: Parser for text/html is org.apache.jmeter.protocol.http.parser.LagartoBasedHtmlParser
2026-02-21 18:40:10,760 INFO o.a.j.p.h.s.HTTPSamplerBase: Parser for application/xhtml+xml is org.apache.jmeter.protocol.http.parser.LagartoBasedHtmlParser
2026-02-21 18:40:10,760 INFO o.a.j.p.h.s.HTTPSamplerBase: Parser for application/xml is org.apache.jmeter.protocol.http.parser.LagartoBasedHtmlParser
2026-02-21 18:40:10,760 INFO o.a.j.p.h.s.HTTPSamplerBase: Parser for text/xml is org.apache.jmeter.protocol.http.parser.LagartoBasedHtmlParser
2026-02-21 18:40:10,760 INFO o.a.j.p.h.s.HTTPSamplerBase: Parser for text/vnd.wap.wml is org.apache.jmeter.protocol.http.parser.RegexpHTMLParser
2026-02-21 18:40:10,760 INFO o.a.j.p.h.s.HTTPSamplerBase: Parser for text/css is org.apache.jmeter.protocol.http.parser.CssParser
2026-02-21 18:40:10,836 INFO o.a.j.s.SampleResult: Note: Sample TimeStamps are START times
2026-02-21 18:40:10,836 INFO o.a.j.s.SampleResult: sampleresult.default.encoding is set to UTF-8
2026-02-21 18:40:10,836 INFO o.a.j.s.SampleResult: sampleresult.useNanoTime=true
2026-02-21 18:40:10,836 INFO o.a.j.s.SampleResult: sampleresult.nanoThreadSleep=5000
2026-02-21 18:40:10,883 INFO o.a.j.r.ClassFinder: Will scan jar /opt/homebrew/Cellar/jmeter/5.6.3/libexec/lib/ext/jmeter-plugins-manager-1.9.jar with filter ExtendsClassFilter [parents=[interface org.apache.jmeter.visualizers.ResultRenderer], inner=false, contains=null, notContains=null]. Consider exposing JMeter plugins via META-INF/services, and add JMeter-Skip-Class-Scanning=true manifest attribute so JMeter can skip classfile scanning
2026-02-21 18:40:10,892 INFO o.a.j.r.ClassFinder: Will scan jar /opt/homebrew/Cellar/jmeter/5.6.3/libexec/lib/ext/jmeter-plugins-manager-1.9.jar with filter ExtendsClassFilter [parents=[interface org.apache.jmeter.visualizers.RequestView], inner=false, contains=null, notContains=null]. Consider exposing JMeter plugins via META-INF/services, and add JMeter-Skip-Class-Scanning=true manifest attribute so JMeter can skip classfile scanning
2026-02-21 18:40:10,926 INFO o.a.j.s.FileServer: Set new base='/Users/frustrated-dev/Coding/Personal/golang_projects/mini-lambda'
